Archive member included to satisfy reference by file (symbol)

e:/programy/ac6/systemworkbench/plugins/fr.ac6.mcu.externaltools.arm-none.win32_1.17.0.201812190825/tools/compiler/bin/../lib/gcc/arm-none-eabi/7.3.1/thumb/v7e-m/fpv4-sp/hard\libgcc.a(_arm_addsubdf3.o)
                              Src/main.o (__aeabi_i2d)
e:/programy/ac6/systemworkbench/plugins/fr.ac6.mcu.externaltools.arm-none.win32_1.17.0.201812190825/tools/compiler/bin/../lib/gcc/arm-none-eabi/7.3.1/thumb/v7e-m/fpv4-sp/hard\libgcc.a(_arm_muldivdf3.o)
                              Src/main.o (__aeabi_dmul)
e:/programy/ac6/systemworkbench/plugins/fr.ac6.mcu.externaltools.arm-none.win32_1.17.0.201812190825/tools/compiler/bin/../lib/gcc/arm-none-eabi/7.3.1/thumb/v7e-m/fpv4-sp/hard\libgcc.a(_arm_fixunsdfsi.o)
                              Src/main.o (__aeabi_d2uiz)
e:/programy/ac6/systemworkbench/plugins/fr.ac6.mcu.externaltools.arm-none.win32_1.17.0.201812190825/tools/compiler/bin/../lib/gcc/arm-none-eabi/7.3.1/thumb/v7e-m/fpv4-sp/hard\libgcc.a(_aeabi_uldivmod.o)
                              Drivers/STM32F4xx_HAL_Driver/Src/stm32f4xx_hal_rcc.o (__aeabi_uldivmod)
e:/programy/ac6/systemworkbench/plugins/fr.ac6.mcu.externaltools.arm-none.win32_1.17.0.201812190825/tools/compiler/bin/../lib/gcc/arm-none-eabi/7.3.1/thumb/v7e-m/fpv4-sp/hard\libgcc.a(_udivmoddi4.o)
                              e:/programy/ac6/systemworkbench/plugins/fr.ac6.mcu.externaltools.arm-none.win32_1.17.0.201812190825/tools/compiler/bin/../lib/gcc/arm-none-eabi/7.3.1/thumb/v7e-m/fpv4-sp/hard\libgcc.a(_aeabi_uldivmod.o) (__udivmoddi4)
e:/programy/ac6/systemworkbench/plugins/fr.ac6.mcu.externaltools.arm-none.win32_1.17.0.201812190825/tools/compiler/bin/../lib/gcc/arm-none-eabi/7.3.1/thumb/v7e-m/fpv4-sp/hard\libgcc.a(_dvmd_tls.o)
                              e:/programy/ac6/systemworkbench/plugins/fr.ac6.mcu.externaltools.arm-none.win32_1.17.0.201812190825/tools/compiler/bin/../lib/gcc/arm-none-eabi/7.3.1/thumb/v7e-m/fpv4-sp/hard\libgcc.a(_aeabi_uldivmod.o) (__aeabi_ldiv0)
e:/programy/ac6/systemworkbench/plugins/fr.ac6.mcu.externaltools.arm-none.win32_1.17.0.201812190825/tools/compiler/bin/../lib/gcc/arm-none-eabi/7.3.1/../../../../arm-none-eabi/lib/thumb/v7e-m/fpv4-sp/hard\libc_nano.a(lib_a-errno.o)
                              Src/syscalls.o (__errno)
e:/programy/ac6/systemworkbench/plugins/fr.ac6.mcu.externaltools.arm-none.win32_1.17.0.201812190825/tools/compiler/bin/../lib/gcc/arm-none-eabi/7.3.1/../../../../arm-none-eabi/lib/thumb/v7e-m/fpv4-sp/hard\libc_nano.a(lib_a-exit.o)
                              e:/programy/ac6/systemworkbench/plugins/fr.ac6.mcu.externaltools.arm-none.win32_1.17.0.201812190825/tools/compiler/bin/../lib/gcc/arm-none-eabi/7.3.1/../../../../arm-none-eabi/lib/thumb/v7e-m/fpv4-sp/hard/crt0.o (exit)
e:/programy/ac6/systemworkbench/plugins/fr.ac6.mcu.externaltools.arm-none.win32_1.17.0.201812190825/tools/compiler/bin/../lib/gcc/arm-none-eabi/7.3.1/../../../../arm-none-eabi/lib/thumb/v7e-m/fpv4-sp/hard\libc_nano.a(lib_a-impure.o)
                              e:/programy/ac6/systemworkbench/plugins/fr.ac6.mcu.externaltools.arm-none.win32_1.17.0.201812190825/tools/compiler/bin/../lib/gcc/arm-none-eabi/7.3.1/../../../../arm-none-eabi/lib/thumb/v7e-m/fpv4-sp/hard\libc_nano.a(lib_a-exit.o) (_global_impure_ptr)
e:/programy/ac6/systemworkbench/plugins/fr.ac6.mcu.externaltools.arm-none.win32_1.17.0.201812190825/tools/compiler/bin/../lib/gcc/arm-none-eabi/7.3.1/../../../../arm-none-eabi/lib/thumb/v7e-m/fpv4-sp/hard\libc_nano.a(lib_a-init.o)
                              e:/programy/ac6/systemworkbench/plugins/fr.ac6.mcu.externaltools.arm-none.win32_1.17.0.201812190825/tools/compiler/bin/../lib/gcc/arm-none-eabi/7.3.1/../../../../arm-none-eabi/lib/thumb/v7e-m/fpv4-sp/hard/crt0.o (__libc_init_array)
e:/programy/ac6/systemworkbench/plugins/fr.ac6.mcu.externaltools.arm-none.win32_1.17.0.201812190825/tools/compiler/bin/../lib/gcc/arm-none-eabi/7.3.1/../../../../arm-none-eabi/lib/thumb/v7e-m/fpv4-sp/hard\libc_nano.a(lib_a-memset.o)
                              e:/programy/ac6/systemworkbench/plugins/fr.ac6.mcu.externaltools.arm-none.win32_1.17.0.201812190825/tools/compiler/bin/../lib/gcc/arm-none-eabi/7.3.1/../../../../arm-none-eabi/lib/thumb/v7e-m/fpv4-sp/hard/crt0.o (memset)

Allocating common symbols
Common symbol       size              file

digit               0x4               Src/main.o
LEDstruct           0x320             Src/main.o
htim4               0x40              Src/main.o
num3                0x4               Src/display.o
num4                0x4               Src/display.o
flag                0x4               Src/main.o
uwTick              0x4               Drivers/STM32F4xx_HAL_Driver/Src/stm32f4xx_hal.o
pFlash              0x20              Drivers/STM32F4xx_HAL_Driver/Src/stm32f4xx_hal_flash.o
keyTab              0x10              Src/display.o
htim3               0x40              Src/main.o
hadc1               0x48              Src/main.o
[...]
Memory Configuration

Name             Origin             Length             Attributes
RAM              0x20000000         0x00020000         xrw
CCMRAM           0x10000000         0x00010000         rw
FLASH            0x08000000         0x00100000         xr
*default*        0x00000000         0xffffffff

Linker script and memory map

LOAD e:/programy/ac6/systemworkbench/plugins/fr.ac6.mcu.externaltools.arm-none.win32_1.17.0.201812190825/tools/compiler/bin/../lib/gcc/arm-none-eabi/7.3.1/thumb/v7e-m/fpv4-sp/hard/crti.o
LOAD e:/programy/ac6/systemworkbench/plugins/fr.ac6.mcu.externaltools.arm-none.win32_1.17.0.201812190825/tools/compiler/bin/../lib/gcc/arm-none-eabi/7.3.1/thumb/v7e-m/fpv4-sp/hard/crtbegin.o
LOAD e:/programy/ac6/systemworkbench/plugins/fr.ac6.mcu.externaltools.arm-none.win32_1.17.0.201812190825/tools/compiler/bin/../lib/gcc/arm-none-eabi/7.3.1/../../../../arm-none-eabi/lib/thumb/v7e-m/fpv4-sp/hard/crt0.o
LOAD Drivers/STM32F4xx_HAL_Driver/Src/stm32f4xx_hal.o
LOAD Drivers/STM32F4xx_HAL_Driver/Src/stm32f4xx_hal_adc.o
LOAD Drivers/STM32F4xx_HAL_Driver/Src/stm32f4xx_hal_adc_ex.o
LOAD Drivers/STM32F4xx_HAL_Driver/Src/stm32f4xx_hal_cortex.o
LOAD Drivers/STM32F4xx_HAL_Driver/Src/stm32f4xx_hal_dac.o
LOAD Drivers/STM32F4xx_HAL_Driver/Src/stm32f4xx_hal_dac_ex.o
LOAD Drivers/STM32F4xx_HAL_Driver/Src/stm32f4xx_hal_dma.o
LOAD Drivers/STM32F4xx_HAL_Driver/Src/stm32f4xx_hal_dma_ex.o
LOAD Drivers/STM32F4xx_HAL_Driver/Src/stm32f4xx_hal_exti.o
LOAD Drivers/STM32F4xx_HAL_Driver/Src/stm32f4xx_hal_flash.o
LOAD Drivers/STM32F4xx_HAL_Driver/Src/stm32f4xx_hal_flash_ex.o
LOAD Drivers/STM32F4xx_HAL_Driver/Src/stm32f4xx_hal_flash_ramfunc.o
LOAD Drivers/STM32F4xx_HAL_Driver/Src/stm32f4xx_hal_gpio.o
LOAD Drivers/STM32F4xx_HAL_Driver/Src/stm32f4xx_hal_pwr.o
LOAD Drivers/STM32F4xx_HAL_Driver/Src/stm32f4xx_hal_pwr_ex.o
LOAD Drivers/STM32F4xx_HAL_Driver/Src/stm32f4xx_hal_rcc.o
LOAD Drivers/STM32F4xx_HAL_Driver/Src/stm32f4xx_hal_rcc_ex.o
LOAD Drivers/STM32F4xx_HAL_Driver/Src/stm32f4xx_hal_tim.o
LOAD Drivers/STM32F4xx_HAL_Driver/Src/stm32f4xx_hal_tim_ex.o
LOAD Src/audio.o
LOAD Src/display.o
LOAD Src/main.o
LOAD Src/stm32f4xx_hal_msp.o
LOAD Src/stm32f4xx_it.o
LOAD Src/syscalls.o
LOAD Src/system_stm32f4xx.o
LOAD Src/ws2811.o
LOAD startup/startup_stm32f407xx.o
LOAD e:/programy/ac6/systemworkbench/plugins/fr.ac6.mcu.externaltools.arm-none.win32_1.17.0.201812190825/tools/compiler/bin/../lib/gcc/arm-none-eabi/7.3.1/../../../../arm-none-eabi/lib/thumb/v7e-m/fpv4-sp/hard\libm.a
START GROUP
LOAD e:/programy/ac6/systemworkbench/plugins/fr.ac6.mcu.externaltools.arm-none.win32_1.17.0.201812190825/tools/compiler/bin/../lib/gcc/arm-none-eabi/7.3.1/thumb/v7e-m/fpv4-sp/hard\libgcc.a
LOAD e:/programy/ac6/systemworkbench/plugins/fr.ac6.mcu.externaltools.arm-none.win32_1.17.0.201812190825/tools/compiler/bin/../lib/gcc/arm-none-eabi/7.3.1/../../../../arm-none-eabi/lib/thumb/v7e-m/fpv4-sp/hard\libc_nano.a
END GROUP
START GROUP
LOAD e:/programy/ac6/systemworkbench/plugins/fr.ac6.mcu.externaltools.arm-none.win32_1.17.0.201812190825/tools/compiler/bin/../lib/gcc/arm-none-eabi/7.3.1/thumb/v7e-m/fpv4-sp/hard\libgcc.a
LOAD e:/programy/ac6/systemworkbench/plugins/fr.ac6.mcu.externaltools.arm-none.win32_1.17.0.201812190825/tools/compiler/bin/../lib/gcc/arm-none-eabi/7.3.1/../../../../arm-none-eabi/lib/thumb/v7e-m/fpv4-sp/hard\libc_nano.a
LOAD e:/programy/ac6/systemworkbench/plugins/fr.ac6.mcu.externaltools.arm-none.win32_1.17.0.201812190825/tools/compiler/bin/../lib/gcc/arm-none-eabi/7.3.1/../../../../arm-none-eabi/lib/thumb/v7e-m/fpv4-sp/hard\libnosys.a
END GROUP
START GROUP
LOAD e:/programy/ac6/systemworkbench/plugins/fr.ac6.mcu.externaltools.arm-none.win32_1.17.0.201812190825/tools/compiler/bin/../lib/gcc/arm-none-eabi/7.3.1/thumb/v7e-m/fpv4-sp/hard\libgcc.a
LOAD e:/programy/ac6/systemworkbench/plugins/fr.ac6.mcu.externaltools.arm-none.win32_1.17.0.201812190825/tools/compiler/bin/../lib/gcc/arm-none-eabi/7.3.1/../../../../arm-none-eabi/lib/thumb/v7e-m/fpv4-sp/hard\libc_nano.a
LOAD e:/programy/ac6/systemworkbench/plugins/fr.ac6.mcu.externaltools.arm-none.win32_1.17.0.201812190825/tools/compiler/bin/../lib/gcc/arm-none-eabi/7.3.1/../../../../arm-none-eabi/lib/thumb/v7e-m/fpv4-sp/hard\libnosys.a
END GROUP
LOAD e:/programy/ac6/systemworkbench/plugins/fr.ac6.mcu.externaltools.arm-none.win32_1.17.0.201812190825/tools/compiler/bin/../lib/gcc/arm-none-eabi/7.3.1/thumb/v7e-m/fpv4-sp/hard/crtend.o
LOAD e:/programy/ac6/systemworkbench/plugins/fr.ac6.mcu.externaltools.arm-none.win32_1.17.0.201812190825/tools/compiler/bin/../lib/gcc/arm-none-eabi/7.3.1/thumb/v7e-m/fpv4-sp/hard/crtn.o
                0x20020000                _estack = 0x20020000
                0x00000200                _Min_Heap_Size = 0x200
                0x00000400                _Min_Stack_Size = 0x400

.isr_vector     0x08000000      0x188
                0x08000000                . = ALIGN (0x4)
 *(.isr_vector)
 .isr_vector    0x08000000      0x188 startup/startup_stm32f407xx.o
                0x08000000                g_pfnVectors
                0x08000188                . = ALIGN (0x4)

.text           0x08000188     0x3584
                0x08000188                . = ALIGN (0x4)
 *(.text)
 .text          0x08000188       0x40 e:/programy/ac6/systemworkbench/plugins/fr.ac6.mcu.externaltools.arm-none.win32_1.17.0.201812190825/tools/compiler/bin/../lib/gcc/arm-none-eabi/7.3.1/thumb/v7e-m/fpv4-sp/hard/crtbegin.o
 .text          0x080001c8      0x378 e:/programy/ac6/systemworkbench/plugins/fr.ac6.mcu.externaltools.arm-none.win32_1.17.0.201812190825/tools/compiler/bin/../lib/gcc/arm-none-eabi/7.3.1/thumb/v7e-m/fpv4-sp/hard\libgcc.a(_arm_addsubdf3.o)
                0x080001c8                __aeabi_drsub
                0x080001d0                __aeabi_dsub
                0x080001d0                __subdf3
                0x080001d4                __aeabi_dadd
                0x080001d4                __adddf3
                0x0800044c                __floatunsidf
                0x0800044c                __aeabi_ui2d
                0x0800046c                __floatsidf
                0x0800046c                __aeabi_i2d
                0x08000490                __aeabi_f2d
                0x08000490                __extendsfdf2
                0x080004d4                __floatundidf
                0x080004d4                __aeabi_ul2d
                0x080004e4                __floatdidf
                0x080004e4                __aeabi_l2d
 .text          0x08000540      0x424 e:/programy/ac6/systemworkbench/plugins/fr.ac6.mcu.externaltools.arm-none.win32_1.17.0.201812190825/tools/compiler/bin/../lib/gcc/arm-none-eabi/7.3.1/thumb/v7e-m/fpv4-sp/hard\libgcc.a(_arm_muldivdf3.o)
                0x08000540                __aeabi_dmul
                0x08000540                __muldf3
                0x08000794                __divdf3
                0x08000794                __aeabi_ddiv
 .text          0x08000964       0x40 e:/programy/ac6/systemworkbench/plugins/fr.ac6.mcu.externaltools.arm-none.win32_1.17.0.201812190825/tools/compiler/bin/../lib/gcc/arm-none-eabi/7.3.1/thumb/v7e-m/fpv4-sp/hard\libgcc.a(_arm_fixunsdfsi.o)
                0x08000964                __aeabi_d2uiz
                0x08000964                __fixunsdfsi
 .text          0x080009a4       0x30 e:/programy/ac6/systemworkbench/plugins/fr.ac6.mcu.externaltools.arm-none.win32_1.17.0.201812190825/tools/compiler/bin/../lib/gcc/arm-none-eabi/7.3.1/thumb/v7e-m/fpv4-sp/hard\libgcc.a(_aeabi_uldivmod.o)
                0x080009a4                __aeabi_uldivmod
 .text          0x080009d4      0x2cc e:/programy/ac6/systemworkbench/plugins/fr.ac6.mcu.externaltools.arm-none.win32_1.17.0.201812190825/tools/compiler/bin/../lib/gcc/arm-none-eabi/7.3.1/thumb/v7e-m/fpv4-sp/hard\libgcc.a(_udivmoddi4.o)
                0x080009d4                __udivmoddi4
 .text          0x08000ca0        0x4 e:/programy/ac6/systemworkbench/plugins/fr.ac6.mcu.externaltools.arm-none.win32_1.17.0.201812190825/tools/compiler/bin/../lib/gcc/arm-none-eabi/7.3.1/thumb/v7e-m/fpv4-sp/hard\libgcc.a(_dvmd_tls.o)
                0x08000ca0                __aeabi_idiv0
                0x08000ca0                __aeabi_ldiv0
 *(.text*)
 .text.HAL_InitTick
                0x08000ca4       0x48 Drivers/STM32F4xx_HAL_Driver/Src/stm32f4xx_hal.o
                0x08000ca4                HAL_InitTick
 .text.HAL_Init
                0x08000cec       0x34 Drivers/STM32F4xx_HAL_Driver/Src/stm32f4xx_hal.o
                0x08000cec                HAL_Init
 .text.HAL_IncTick
                0x08000d20       0x18 Drivers/STM32F4xx_HAL_Driver/Src/stm32f4xx_hal.o
                0x08000d20                HAL_IncTick
 .text.HAL_GetTick
                0x08000d38        0xc Drivers/STM32F4xx_HAL_Driver/Src/stm32f4xx_hal.o
                0x08000d38                HAL_GetTick
 .text.HAL_Delay
                0x08000d44       0x28 Drivers/STM32F4xx_HAL_Driver/Src/stm32f4xx_hal.o
                0x08000d44                HAL_Delay
 .text.ADC_Init
                0x08000d6c      0x134 Drivers/STM32F4xx_HAL_Driver/Src/stm32f4xx_hal_adc.o
 .text.HAL_ADC_Init
                0x08000ea0       0x56 Drivers/STM32F4xx_HAL_Driver/Src/stm32f4xx_hal_adc.o
                0x08000ea0                HAL_ADC_Init
 *fill*         0x08000ef6        0x2 
 .text.HAL_ADC_Start
                0x08000ef8      0x134 Drivers/STM32F4xx_HAL_Driver/Src/stm32f4xx_hal_adc.o
                0x08000ef8                HAL_ADC_Start
 .text.HAL_ADC_PollForConversion
                0x0800102c       0xb6 Drivers/STM32F4xx_HAL_Driver/Src/stm32f4xx_hal_adc.o
                0x0800102c                HAL_ADC_PollForConversion
 .text.HAL_ADC_GetValue
                0x080010e2        0x6 Drivers/STM32F4xx_HAL_Driver/Src/stm32f4xx_hal_adc.o
                0x080010e2                HAL_ADC_GetValue
 .text.HAL_ADC_ConfigChannel
                0x080010e8      0x190 Drivers/STM32F4xx_HAL_Driver/Src/stm32f4xx_hal_adc.o
                0x080010e8                HAL_ADC_ConfigChannel
 .text.HAL_NVIC_SetPriorityGrouping
                0x08001278       0x24 Drivers/STM32F4xx_HAL_Driver/Src/stm32f4xx_hal_cortex.o
                0x08001278                HAL_NVIC_SetPriorityGrouping
 .text.HAL_NVIC_SetPriority
                0x0800129c       0x68 Drivers/STM32F4xx_HAL_Driver/Src/stm32f4xx_hal_cortex.o
                0x0800129c                HAL_NVIC_SetPriority
 .text.HAL_NVIC_EnableIRQ
                0x08001304       0x1c Drivers/STM32F4xx_HAL_Driver/Src/stm32f4xx_hal_cortex.o
                0x08001304                HAL_NVIC_EnableIRQ
 .text.HAL_SYSTICK_Config
                0x08001320       0x2c Drivers/STM32F4xx_HAL_Driver/Src/stm32f4xx_hal_cortex.o
                0x08001320                HAL_SYSTICK_Config
 .text.HAL_DAC_Init
                0x0800134c       0x24 Drivers/STM32F4xx_HAL_Driver/Src/stm32f4xx_hal_dac.o
                0x0800134c                HAL_DAC_Init
 .text.HAL_DAC_Start
                0x08001370       0x6e Drivers/STM32F4xx_HAL_Driver/Src/stm32f4xx_hal_dac.o
                0x08001370                HAL_DAC_Start
 .text.HAL_DAC_ConfigChannel
                0x080013de       0x4a Drivers/STM32F4xx_HAL_Driver/Src/stm32f4xx_hal_dac.o
                0x080013de                HAL_DAC_ConfigChannel
 .text.HAL_DAC_SetValue
                0x08001428       0x2e Drivers/STM32F4xx_HAL_Driver/Src/stm32f4xx_hal_dac.o
                0x08001428                HAL_DAC_SetValue
 *fill*         0x08001456        0x2 
 .text.HAL_GPIO_Init
                0x08001458      0x1c8 Drivers/STM32F4xx_HAL_Driver/Src/stm32f4xx_hal_gpio.o
                0x08001458                HAL_GPIO_Init
 .text.HAL_GPIO_ReadPin
                0x08001620        0xe Drivers/STM32F4xx_HAL_Driver/Src/stm32f4xx_hal_gpio.o
                0x08001620                HAL_GPIO_ReadPin
 .text.HAL_GPIO_WritePin
                0x0800162e        0xc Drivers/STM32F4xx_HAL_Driver/Src/stm32f4xx_hal_gpio.o
                0x0800162e                HAL_GPIO_WritePin
 *fill*         0x0800163a        0x2 
 .text.HAL_RCC_OscConfig
                0x0800163c      0x398 Drivers/STM32F4xx_HAL_Driver/Src/stm32f4xx_hal_rcc.o
                0x0800163c                HAL_RCC_OscConfig
 .text.HAL_RCC_GetSysClockFreq
                0x080019d4       0xd8 Drivers/STM32F4xx_HAL_Driver/Src/stm32f4xx_hal_rcc.o
                0x080019d4                HAL_RCC_GetSysClockFreq
 .text.HAL_RCC_ClockConfig
                0x08001aac      0x158 Drivers/STM32F4xx_HAL_Driver/Src/stm32f4xx_hal_rcc.o
                0x08001aac                HAL_RCC_ClockConfig
 .text.TIM_OC1_SetConfig
                0x08001c04       0x68 Drivers/STM32F4xx_HAL_Driver/Src/stm32f4xx_hal_tim.o
 .text.TIM_OC3_SetConfig
                0x08001c6c       0x70 Drivers/STM32F4xx_HAL_Driver/Src/stm32f4xx_hal_tim.o
 .text.TIM_OC4_SetConfig
                0x08001cdc       0x50 Drivers/STM32F4xx_HAL_Driver/Src/stm32f4xx_hal_tim.o
 .text.TIM_TI1_ConfigInputStage
                0x08001d2c       0x26 Drivers/STM32F4xx_HAL_Driver/Src/stm32f4xx_hal_tim.o
 .text.TIM_TI2_ConfigInputStage
                0x08001d52       0x28 Drivers/STM32F4xx_HAL_Driver/Src/stm32f4xx_hal_tim.o
 .text.TIM_ITRx_SetConfig
                0x08001d7a       0x10 Drivers/STM32F4xx_HAL_Driver/Src/stm32f4xx_hal_tim.o
 .text.HAL_TIM_Base_Start_IT
                0x08001d8a       0x22 Drivers/STM32F4xx_HAL_Driver/Src/stm32f4xx_hal_tim.o
                0x08001d8a                HAL_TIM_Base_Start_IT
 .text.HAL_TIM_PWM_MspInit
                0x08001dac        0x2 Drivers/STM32F4xx_HAL_Driver/Src/stm32f4xx_hal_tim.o
                0x08001dac                HAL_TIM_PWM_MspInit
 .text.HAL_TIM_OC_DelayElapsedCallback
                0x08001dae        0x2 Drivers/STM32F4xx_HAL_Driver/Src/stm32f4xx_hal_tim.o
                0x08001dae                HAL_TIM_OC_DelayElapsedCallback
 .text.HAL_TIM_IC_CaptureCallback
                0x08001db0        0x2 Drivers/STM32F4xx_HAL_Driver/Src/stm32f4xx_hal_tim.o
                0x08001db0                HAL_TIM_IC_CaptureCallback
 .text.HAL_TIM_PWM_PulseFinishedCallback
                0x08001db2        0x2 Drivers/STM32F4xx_HAL_Driver/Src/stm32f4xx_hal_tim.o
                0x08001db2                HAL_TIM_PWM_PulseFinishedCallback
 .text.HAL_TIM_TriggerCallback
                0x08001db4        0x2 Drivers/STM32F4xx_HAL_Driver/Src/stm32f4xx_hal_tim.o
                0x08001db4                HAL_TIM_TriggerCallback
 .text.HAL_TIM_IRQHandler
                0x08001db6      0x17a Drivers/STM32F4xx_HAL_Driver/Src/stm32f4xx_hal_tim.o
                0x08001db6                HAL_TIM_IRQHandler
 .text.TIM_Base_SetConfig
                0x08001f30       0xc8 Drivers/STM32F4xx_HAL_Driver/Src/stm32f4xx_hal_tim.o
                0x08001f30                TIM_Base_SetConfig
 .text.HAL_TIM_Base_Init
                0x08001ff8       0x32 Drivers/STM32F4xx_HAL_Driver/Src/stm32f4xx_hal_tim.o
                0x08001ff8                HAL_TIM_Base_Init
 .text.HAL_TIM_PWM_Init
                0x0800202a       0x32 Drivers/STM32F4xx_HAL_Driver/Src/stm32f4xx_hal_tim.o
                0x0800202a                HAL_TIM_PWM_Init
 .text.TIM_OC2_SetConfig
                0x0800205c       0x70 Drivers/STM32F4xx_HAL_Driver/Src/stm32f4xx_hal_tim.o
                0x0800205c                TIM_OC2_SetConfig
 .text.HAL_TIM_PWM_ConfigChannel
                0x080020cc       0xdc Drivers/STM32F4xx_HAL_Driver/Src/stm32f4xx_hal_tim.o
                0x080020cc                HAL_TIM_PWM_ConfigChannel
 .text.TIM_ETR_SetConfig
                0x080021a8       0x18 Drivers/STM32F4xx_HAL_Driver/Src/stm32f4xx_hal_tim.o
                0x080021a8                TIM_ETR_SetConfig
 .text.HAL_TIM_ConfigClockSource
                0x080021c0       0xda Drivers/STM32F4xx_HAL_Driver/Src/stm32f4xx_hal_tim.o
                0x080021c0                HAL_TIM_ConfigClockSource
 .text.TIM_CCxChannelCmd
                0x0800229a       0x22 Drivers/STM32F4xx_HAL_Driver/Src/stm32f4xx_hal_tim.o
                0x0800229a                TIM_CCxChannelCmd
 .text.HAL_TIM_PWM_Start
                0x080022bc       0x40 Drivers/STM32F4xx_HAL_Driver/Src/stm32f4xx_hal_tim.o
                0x080022bc                HAL_TIM_PWM_Start
 .text.HAL_TIMEx_MasterConfigSynchronization
                0x080022fc       0x46 Drivers/STM32F4xx_HAL_Driver/Src/stm32f4xx_hal_tim_ex.o
                0x080022fc                HAL_TIMEx_MasterConfigSynchronization
 .text.HAL_TIMEx_CommutCallback
                0x08002342        0x2 Drivers/STM32F4xx_HAL_Driver/Src/stm32f4xx_hal_tim_ex.o
                0x08002342                HAL_TIMEx_CommutCallback
 .text.HAL_TIMEx_BreakCallback
                0x08002344        0x2 Drivers/STM32F4xx_HAL_Driver/Src/stm32f4xx_hal_tim_ex.o
                0x08002344                HAL_TIMEx_BreakCallback
 *fill*         0x08002346        0x2 
 .text.display  0x08002348      0x610 Src/display.o
                0x08002348                display
 .text.MX_GPIO_Init
                0x08002958       0xf0 Src/main.o
 .text.MX_TIM3_Init
                0x08002a48       0x54 Src/main.o
 .text.MX_TIM4_Init
                0x08002a9c       0x80 Src/main.o
 .text.MX_ADC1_Init
                0x08002b1c       0x5c Src/main.o
 .text.MX_DAC_Init
                0x08002b78       0x30 Src/main.o
 .text.idleMode
                0x08002ba8       0xc4 Src/main.o
                0x08002ba8                idleMode
 .text.activeMode
                0x08002c6c       0x78 Src/main.o
                0x08002c6c                activeMode
 .text.alarmMode
                0x08002ce4       0x84 Src/main.o
                0x08002ce4                alarmMode
 .text.HAL_TIM_PeriodElapsedCallback
                0x08002d68       0xec Src/main.o
                0x08002d68                HAL_TIM_PeriodElapsedCallback
 .text.SystemClock_Config
                0x08002e54       0x94 Src/main.o
                0x08002e54                SystemClock_Config
 .text.main     0x08002ee8      0x350 Src/main.o
                0x08002ee8                main
 .text.HAL_MspInit
                0x08003238       0x38 Src/stm32f4xx_hal_msp.o
                0x08003238                HAL_MspInit
 .text.HAL_ADC_MspInit
                0x08003270       0x68 Src/stm32f4xx_hal_msp.o
                0x08003270                HAL_ADC_MspInit
 .text.HAL_DAC_MspInit
                0x080032d8       0x68 Src/stm32f4xx_hal_msp.o
                0x080032d8                HAL_DAC_MspInit
 .text.HAL_TIM_Base_MspInit
                0x08003340       0x74 Src/stm32f4xx_hal_msp.o
                0x08003340                HAL_TIM_Base_MspInit
 .text.HAL_TIM_MspPostInit
                0x080033b4       0x58 Src/stm32f4xx_hal_msp.o
                0x080033b4                HAL_TIM_MspPostInit
 .text.NMI_Handler
                0x0800340c        0x2 Src/stm32f4xx_it.o
                0x0800340c                NMI_Handler
 .text.HardFault_Handler
                0x0800340e        0x2 Src/stm32f4xx_it.o
                0x0800340e                HardFault_Handler
 .text.MemManage_Handler
                0x08003410        0x2 Src/stm32f4xx_it.o
                0x08003410                MemManage_Handler
 .text.BusFault_Handler
                0x08003412        0x2 Src/stm32f4xx_it.o
                0x08003412                BusFault_Handler
 .text.UsageFault_Handler
                0x08003414        0x2 Src/stm32f4xx_it.o
                0x08003414                UsageFault_Handler
 .text.SVC_Handler
                0x08003416        0x2 Src/stm32f4xx_it.o
                0x08003416                SVC_Handler
 .text.DebugMon_Handler
                0x08003418        0x2 Src/stm32f4xx_it.o
                0x08003418                DebugMon_Handler
 .text.PendSV_Handler
                0x0800341a        0x2 Src/stm32f4xx_it.o
                0x0800341a                PendSV_Handler
 .text.SysTick_Handler
                0x0800341c        0x8 Src/stm32f4xx_it.o
                0x0800341c                SysTick_Handler
 .text.TIM3_IRQHandler
                0x08003424       0x10 Src/stm32f4xx_it.o
                0x08003424                TIM3_IRQHandler
 .text.TIM4_IRQHandler
                0x08003434       0x10 Src/stm32f4xx_it.o
                0x08003434                TIM4_IRQHandler
 .text.SystemInit
                0x08003444       0x4c Src/system_stm32f4xx.o
                0x08003444                SystemInit
 .text.decimalToBinary
                0x08003490       0xae Src/ws2811.o
                0x08003490                decimalToBinary
 .text.setDiode
                0x0800353e       0x1a Src/ws2811.o
                0x0800353e                setDiode
 .text.allRed   0x08003558       0x30 Src/ws2811.o
                0x08003558                allRed
 .text.turnOFF  0x08003588       0x28 Src/ws2811.o
                0x08003588                turnOFF
 .text.even     0x080035b0       0x4c Src/ws2811.o
                0x080035b0                even
 .text.odd      0x080035fc       0x4c Src/ws2811.o
                0x080035fc                odd
 .text.Reset_Handler
                0x08003648       0x50 startup/startup_stm32f407xx.o
                0x08003648                Reset_Handler
 .text.Default_Handler
                0x08003698        0x2 startup/startup_stm32f407xx.o
                0x08003698                RTC_Alarm_IRQHandler
                0x08003698                HASH_RNG_IRQHandler
                0x08003698                EXTI2_IRQHandler
                0x08003698                TIM8_CC_IRQHandler
                0x08003698                TIM1_CC_IRQHandler
                0x08003698                DMA2_Stream5_IRQHandler
                0x08003698                DMA1_Stream5_IRQHandler
                0x08003698                PVD_IRQHandler
                0x08003698                SDIO_IRQHandler
                0x08003698                TAMP_STAMP_IRQHandler
                0x08003698                CAN2_RX1_IRQHandler
                0x08003698                EXTI3_IRQHandler
                0x08003698                TIM8_TRG_COM_TIM14_IRQHandler
                0x08003698                TIM1_UP_TIM10_IRQHandler
                0x08003698                TIM8_UP_TIM13_IRQHandler
                0x08003698                I2C3_ER_IRQHandler
                0x08003698                EXTI0_IRQHandler
                0x08003698                I2C2_EV_IRQHandler
                0x08003698                DMA1_Stream2_IRQHandler
                0x08003698                CAN1_RX0_IRQHandler
                0x08003698                FPU_IRQHandler
                0x08003698                OTG_HS_WKUP_IRQHandler
                0x08003698                CAN2_SCE_IRQHandler
                0x08003698                DMA2_Stream2_IRQHandler
                0x08003698                SPI1_IRQHandler
                0x08003698                TIM6_DAC_IRQHandler
                0x08003698                TIM1_BRK_TIM9_IRQHandler
                0x08003698                DCMI_IRQHandler
                0x08003698                CAN2_RX0_IRQHandler
                0x08003698                DMA2_Stream3_IRQHandler
                0x08003698                USART6_IRQHandler
                0x08003698                USART3_IRQHandler
                0x08003698                CAN1_RX1_IRQHandler
                0x08003698                UART5_IRQHandler
                0x08003698                DMA2_Stream0_IRQHandler
                0x08003698                I2C1_EV_IRQHandler
                0x08003698                DMA1_Stream6_IRQHandler
                0x08003698                DMA1_Stream1_IRQHandler
                0x08003698                UART4_IRQHandler
                0x08003698                RCC_IRQHandler
                0x08003698                TIM8_BRK_TIM12_IRQHandler
                0x08003698                Default_Handler
                0x08003698                EXTI15_10_IRQHandler
                0x08003698                ADC_IRQHandler
                0x08003698                DMA1_Stream7_IRQHandler
                0x08003698                TIM7_IRQHandler
                0x08003698                CAN2_TX_IRQHandler
                0x08003698                TIM5_IRQHandler
                0x08003698                DMA2_Stream7_IRQHandler
                0x08003698                I2C3_EV_IRQHandler
                0x08003698                EXTI9_5_IRQHandler
                0x08003698                RTC_WKUP_IRQHandler
                0x08003698                ETH_WKUP_IRQHandler
                0x08003698                SPI2_IRQHandler
                0x08003698                OTG_HS_EP1_IN_IRQHandler
                0x08003698                DMA1_Stream0_IRQHandler
                0x08003698                CAN1_TX_IRQHandler
                0x08003698                EXTI4_IRQHandler
                0x08003698                FSMC_IRQHandler
                0x08003698                ETH_IRQHandler
                0x08003698                OTG_HS_EP1_OUT_IRQHandler
                0x08003698                WWDG_IRQHandler
                0x08003698                TIM2_IRQHandler
                0x08003698                OTG_FS_WKUP_IRQHandler
                0x08003698                TIM1_TRG_COM_TIM11_IRQHandler
                0x08003698                OTG_HS_IRQHandler
                0x08003698                EXTI1_IRQHandler
                0x08003698                USART2_IRQHandler
                0x08003698                I2C2_ER_IRQHandler
                0x08003698                DMA2_Stream1_IRQHandler
                0x08003698                CAN1_SCE_IRQHandler
                0x08003698                FLASH_IRQHandler
                0x08003698                DMA2_Stream4_IRQHandler
                0x08003698                USART1_IRQHandler
                0x08003698                OTG_FS_IRQHandler
                0x08003698                SPI3_IRQHandler
                0x08003698                DMA1_Stream4_IRQHandler
                0x08003698                I2C1_ER_IRQHandler
                0x08003698                DMA2_Stream6_IRQHandler
                0x08003698                DMA1_Stream3_IRQHandler
 *fill*         0x0800369a        0x2 
 .text.__libc_init_array
                0x0800369c       0x48 e:/programy/ac6/systemworkbench/plugins/fr.ac6.mcu.externaltools.arm-none.win32_1.17.0.201812190825/tools/compiler/bin/../lib/gcc/arm-none-eabi/7.3.1/../../../../arm-none-eabi/lib/thumb/v7e-m/fpv4-sp/hard\libc_nano.a(lib_a-init.o)
                0x0800369c                __libc_init_array
 .text.memset   0x080036e4       0x10 e:/programy/ac6/systemworkbench/plugins/fr.ac6.mcu.externaltools.arm-none.win32_1.17.0.201812190825/tools/compiler/bin/../lib/gcc/arm-none-eabi/7.3.1/../../../../arm-none-eabi/lib/thumb/v7e-m/fpv4-sp/hard\libc_nano.a(lib_a-memset.o)
                0x080036e4                memset
 *(.glue_7)
 .glue_7        0x080036f4        0x0 linker stubs
 *(.glue_7t)
 .glue_7t       0x080036f4        0x0 linker stubs
 *(.eh_frame)
 .eh_frame      0x080036f4        0x0 e:/programy/ac6/systemworkbench/plugins/fr.ac6.mcu.externaltools.arm-none.win32_1.17.0.201812190825/tools/compiler/bin/../lib/gcc/arm-none-eabi/7.3.1/thumb/v7e-m/fpv4-sp/hard/crtbegin.o
 *(.init)
 .init          0x080036f4        0x4 e:/programy/ac6/systemworkbench/plugins/fr.ac6.mcu.externaltools.arm-none.win32_1.17.0.201812190825/tools/compiler/bin/../lib/gcc/arm-none-eabi/7.3.1/thumb/v7e-m/fpv4-sp/hard/crti.o
                0x080036f4                _init
 .init          0x080036f8        0x8 e:/programy/ac6/systemworkbench/plugins/fr.ac6.mcu.externaltools.arm-none.win32_1.17.0.201812190825/tools/compiler/bin/../lib/gcc/arm-none-eabi/7.3.1/thumb/v7e-m/fpv4-sp/hard/crtn.o
 *(.fini)
 .fini          0x08003700        0x4 e:/programy/ac6/systemworkbench/plugins/fr.ac6.mcu.externaltools.arm-none.win32_1.17.0.201812190825/tools/compiler/bin/../lib/gcc/arm-none-eabi/7.3.1/thumb/v7e-m/fpv4-sp/hard/crti.o
                0x08003700                _fini
 .fini          0x08003704        0x8 e:/programy/ac6/systemworkbench/plugins/fr.ac6.mcu.externaltools.arm-none.win32_1.17.0.201812190825/tools/compiler/bin/../lib/gcc/arm-none-eabi/7.3.1/thumb/v7e-m/fpv4-sp/hard/crtn.o
                0x0800370c                . = ALIGN (0x4)
                0x0800370c                _etext = .

.vfp11_veneer   0x0800370c        0x0
 .vfp11_veneer  0x0800370c        0x0 linker stubs

.v4_bx          0x0800370c        0x0
 .v4_bx         0x0800370c        0x0 linker stubs

.iplt           0x0800370c        0x0
 .iplt          0x0800370c        0x0 e:/programy/ac6/systemworkbench/plugins/fr.ac6.mcu.externaltools.arm-none.win32_1.17.0.201812190825/tools/compiler/bin/../lib/gcc/arm-none-eabi/7.3.1/thumb/v7e-m/fpv4-sp/hard/crtbegin.o

.rodata         0x0800370c     0x969c
                0x0800370c                . = ALIGN (0x4)
 *(.rodata)
 .rodata        0x0800370c     0x9682 Src/audio.o
                0x0800370c                rawAudio
 *fill*         0x0800cd8e        0x2 
 .rodata        0x0800cd90       0x18 Src/system_stm32f4xx.o
                0x0800cd90                AHBPrescTable
                0x0800cda0                APBPrescTable
 *(.rodata*)
                0x0800cda8                . = ALIGN (0x4)

.ARM.extab
 *(.ARM.extab* .gnu.linkonce.armextab.*)

.ARM            0x0800cda8        0x8
                0x0800cda8                __exidx_start = .
 *(.ARM.exidx*)
 .ARM.exidx     0x0800cda8        0x8 e:/programy/ac6/systemworkbench/plugins/fr.ac6.mcu.externaltools.arm-none.win32_1.17.0.201812190825/tools/compiler/bin/../lib/gcc/arm-none-eabi/7.3.1/thumb/v7e-m/fpv4-sp/hard\libgcc.a(_udivmoddi4.o)
                0x0800cdb0                __exidx_end = .

.rel.dyn        0x0800cdb0        0x0
 .rel.iplt      0x0800cdb0        0x0 e:/programy/ac6/systemworkbench/plugins/fr.ac6.mcu.externaltools.arm-none.win32_1.17.0.201812190825/tools/compiler/bin/../lib/gcc/arm-none-eabi/7.3.1/thumb/v7e-m/fpv4-sp/hard/crtbegin.o

.preinit_array  0x0800cdb0        0x0
                0x0800cdb0                PROVIDE (__preinit_array_start = .)
 *(.preinit_array*)
                0x0800cdb0                PROVIDE (__preinit_array_end = .)

.init_array     0x0800cdb0        0x4
                0x0800cdb0                PROVIDE (__init_array_start = .)
 *(SORT_BY_NAME(.init_array.*))
 *(.init_array*)
 .init_array    0x0800cdb0        0x4 e:/programy/ac6/systemworkbench/plugins/fr.ac6.mcu.externaltools.arm-none.win32_1.17.0.201812190825/tools/compiler/bin/../lib/gcc/arm-none-eabi/7.3.1/thumb/v7e-m/fpv4-sp/hard/crtbegin.o
                0x0800cdb4                PROVIDE (__init_array_end = .)

.fini_array     0x0800cdb4        0x4
                [!provide]                PROVIDE (__fini_array_start = .)
 *(SORT_BY_NAME(.fini_array.*))
 *(.fini_array*)
 .fini_array    0x0800cdb4        0x4 e:/programy/ac6/systemworkbench/plugins/fr.ac6.mcu.externaltools.arm-none.win32_1.17.0.201812190825/tools/compiler/bin/../lib/gcc/arm-none-eabi/7.3.1/thumb/v7e-m/fpv4-sp/hard/crtbegin.o
                [!provide]                PROVIDE (__fini_array_end = .)
                0x0800cdb8                _sidata = LOADADDR (.data)

.data           0x20000000       0x1c load address 0x0800cdb8
                0x20000000                . = ALIGN (0x4)
                0x20000000                _sdata = .
 *(.data)
 .data          0x20000000        0x8 Drivers/STM32F4xx_HAL_Driver/Src/stm32f4xx_hal.o
                0x20000000                uwTickFreq
                0x20000004                uwTickPrio
 .data          0x20000008       0x10 Src/main.o
                0x20000008                keyAccept
 .data          0x20000018        0x4 Src/system_stm32f4xx.o
                0x20000018                SystemCoreClock
 *(.data*)
                0x2000001c                . = ALIGN (0x4)
                0x2000001c                _edata = .
                0x0800cdd4                _siccmram = LOADADDR (.ccmram)

.igot.plt       0x2000001c        0x0 load address 0x0800cdd4
 .igot.plt      0x2000001c        0x0 e:/programy/ac6/systemworkbench/plugins/fr.ac6.mcu.externaltools.arm-none.win32_1.17.0.201812190825/tools/compiler/bin/../lib/gcc/arm-none-eabi/7.3.1/thumb/v7e-m/fpv4-sp/hard/crtbegin.o

.ccmram         0x10000000        0x0 load address 0x0800cdd4
                0x10000000                . = ALIGN (0x4)
                0x10000000                _sccmram = .
 *(.ccmram)
 *(.ccmram*)
                0x10000000                . = ALIGN (0x4)
                0x10000000                _eccmram = .
                0x10000000                . = ALIGN (0x4)

.bss            0x20000020      0x924
                0x20000020                _sbss = .
                0x20000020                __bss_start__ = _sbss
 *(.bss)
 .bss           0x20000020       0x1c e:/programy/ac6/systemworkbench/plugins/fr.ac6.mcu.externaltools.arm-none.win32_1.17.0.201812190825/tools/compiler/bin/../lib/gcc/arm-none-eabi/7.3.1/thumb/v7e-m/fpv4-sp/hard/crtbegin.o
 .bss           0x2000003c        0x4 Src/display.o
                0x2000003c                key
 .bss           0x20000040       0x24 Src/main.o
                0x20000040                mode
                0x20000044                i
                0x20000048                animationFlag
                0x2000004c                diode
                0x20000050                value
                0x20000054                a
                0x20000058                audio_1
                0x20000060                keyCounter
 *(.bss*)
 *(COMMON)
 COMMON         0x20000064        0x4 Drivers/STM32F4xx_HAL_Driver/Src/stm32f4xx_hal.o
                0x20000064                uwTick
 COMMON         0x20000068       0x20 Src/display.o
                0x20000068                num3
                0x2000006c                num4
                0x20000070                keyTab
                0x20000080                num2
                0x20000084                num1
 COMMON         0x20000088      0x8ba Src/main.o
                0x20000088                digit
                0x20000090                LEDstruct
                0x200003b0                htim4
                0x200003f0                flag
                0x200003f4                htim3
                0x20000434                hadc1
                0x2000047c                hdac
                0x20000490                LEDbinary
                0x20000940                audio
                0x20000944                . = ALIGN (0x4)
 *fill*         0x20000942        0x2 
                0x20000944                _ebss = .
                0x20000944                __bss_end__ = _ebss

._user_heap_stack
                0x20000944      0x604
                0x20000948                . = ALIGN (0x8)
 *fill*         0x20000944        0x4 
                0x20000948                PROVIDE (end = .)
                [!provide]                PROVIDE (_end = .)
                0x20000b48                . = (. + _Min_Heap_Size)
 *fill*         0x20000948      0x200 
                0x20000f48                . = (. + _Min_Stack_Size)
 *fill*         0x20000b48      0x400 
                0x20000f48                . = ALIGN (0x8)

/DISCARD/
 libc.a(*)
 libm.a(*)
 libgcc.a(*)

.ARM.attributes
                0x00000000       0x30
 *(.ARM.attributes)
 .ARM.attributes
                0x00000000       0x22 e:/programy/ac6/systemworkbench/plugins/fr.ac6.mcu.externaltools.arm-none.win32_1.17.0.201812190825/tools/compiler/bin/../lib/gcc/arm-none-eabi/7.3.1/thumb/v7e-m/fpv4-sp/hard/crti.o
 .ARM.attributes
                0x00000022       0x34 e:/programy/ac6/systemworkbench/plugins/fr.ac6.mcu.externaltools.arm-none.win32_1.17.0.201812190825/tools/compiler/bin/../lib/gcc/arm-none-eabi/7.3.1/thumb/v7e-m/fpv4-sp/hard/crtbegin.o
 .ARM.attributes
                0x00000056       0x39 Drivers/STM32F4xx_HAL_Driver/Src/stm32f4xx_hal.o
 .ARM.attributes
                0x0000008f       0x39 Drivers/STM32F4xx_HAL_Driver/Src/stm32f4xx_hal_adc.o
 .ARM.attributes
                0x000000c8       0x39 Drivers/STM32F4xx_HAL_Driver/Src/stm32f4xx_hal_cortex.o
 .ARM.attributes
                0x00000101       0x39 Drivers/STM32F4xx_HAL_Driver/Src/stm32f4xx_hal_dac.o
 .ARM.attributes
                0x0000013a       0x39 Drivers/STM32F4xx_HAL_Driver/Src/stm32f4xx_hal_gpio.o
 .ARM.attributes
                0x00000173       0x39 Drivers/STM32F4xx_HAL_Driver/Src/stm32f4xx_hal_rcc.o
 .ARM.attributes
                0x000001ac       0x39 Drivers/STM32F4xx_HAL_Driver/Src/stm32f4xx_hal_tim.o
 .ARM.attributes
                0x000001e5       0x39 Drivers/STM32F4xx_HAL_Driver/Src/stm32f4xx_hal_tim_ex.o
 .ARM.attributes
                0x0000021e       0x39 Src/audio.o
 .ARM.attributes
                0x00000257       0x39 Src/display.o
 .ARM.attributes
                0x00000290       0x39 Src/main.o
 .ARM.attributes
                0x000002c9       0x39 Src/stm32f4xx_hal_msp.o
 .ARM.attributes
                0x00000302       0x39 Src/stm32f4xx_it.o
 .ARM.attributes
                0x0000033b       0x39 Src/system_stm32f4xx.o
 .ARM.attributes
                0x00000374       0x39 Src/ws2811.o
 .ARM.attributes
                0x000003ad       0x21 startup/startup_stm32f407xx.o
 .ARM.attributes
                0x000003ce       0x22 e:/programy/ac6/systemworkbench/plugins/fr.ac6.mcu.externaltools.arm-none.win32_1.17.0.201812190825/tools/compiler/bin/../lib/gcc/arm-none-eabi/7.3.1/thumb/v7e-m/fpv4-sp/hard\libgcc.a(_arm_addsubdf3.o)
 .ARM.attributes
                0x000003f0       0x22 e:/programy/ac6/systemworkbench/plugins/fr.ac6.mcu.externaltools.arm-none.win32_1.17.0.201812190825/tools/compiler/bin/../lib/gcc/arm-none-eabi/7.3.1/thumb/v7e-m/fpv4-sp/hard\libgcc.a(_arm_muldivdf3.o)
 .ARM.attributes
                0x00000412       0x22 e:/programy/ac6/systemworkbench/plugins/fr.ac6.mcu.externaltools.arm-none.win32_1.17.0.201812190825/tools/compiler/bin/../lib/gcc/arm-none-eabi/7.3.1/thumb/v7e-m/fpv4-sp/hard\libgcc.a(_arm_fixunsdfsi.o)
 .ARM.attributes
                0x00000434       0x22 e:/programy/ac6/systemworkbench/plugins/fr.ac6.mcu.externaltools.arm-none.win32_1.17.0.201812190825/tools/compiler/bin/../lib/gcc/arm-none-eabi/7.3.1/thumb/v7e-m/fpv4-sp/hard\libgcc.a(_aeabi_uldivmod.o)
 .ARM.attributes
                0x00000456       0x34 e:/programy/ac6/systemworkbench/plugins/fr.ac6.mcu.externaltools.arm-none.win32_1.17.0.201812190825/tools/compiler/bin/../lib/gcc/arm-none-eabi/7.3.1/thumb/v7e-m/fpv4-sp/hard\libgcc.a(_udivmoddi4.o)
 .ARM.attributes
                0x0000048a       0x22 e:/programy/ac6/systemworkbench/plugins/fr.ac6.mcu.externaltools.arm-none.win32_1.17.0.201812190825/tools/compiler/bin/../lib/gcc/arm-none-eabi/7.3.1/thumb/v7e-m/fpv4-sp/hard\libgcc.a(_dvmd_tls.o)
 .ARM.attributes
                0x000004ac       0x34 e:/programy/ac6/systemworkbench/plugins/fr.ac6.mcu.externaltools.arm-none.win32_1.17.0.201812190825/tools/compiler/bin/../lib/gcc/arm-none-eabi/7.3.1/../../../../arm-none-eabi/lib/thumb/v7e-m/fpv4-sp/hard\libc_nano.a(lib_a-init.o)
 .ARM.attributes
                0x000004e0       0x34 e:/programy/ac6/systemworkbench/plugins/fr.ac6.mcu.externaltools.arm-none.win32_1.17.0.201812190825/tools/compiler/bin/../lib/gcc/arm-none-eabi/7.3.1/../../../../arm-none-eabi/lib/thumb/v7e-m/fpv4-sp/hard\libc_nano.a(lib_a-memset.o)
 .ARM.attributes
                0x00000514       0x22 e:/programy/ac6/systemworkbench/plugins/fr.ac6.mcu.externaltools.arm-none.win32_1.17.0.201812190825/tools/compiler/bin/../lib/gcc/arm-none-eabi/7.3.1/thumb/v7e-m/fpv4-sp/hard/crtn.o
OUTPUT(SmartDoor.elf elf32-littlearm)

.debug_info     0x00000000     0xda25
 .debug_info    0x00000000      0x9cc Drivers/STM32F4xx_HAL_Driver/Src/stm32f4xx_hal.o
 .debug_info    0x000009cc      0xdc1 Drivers/STM32F4xx_HAL_Driver/Src/stm32f4xx_hal_adc.o
 .debug_info    0x0000178d      0xf3a Drivers/STM32F4xx_HAL_Driver/Src/stm32f4xx_hal_cortex.o
 .debug_info    0x000026c7      0xad5 Drivers/STM32F4xx_HAL_Driver/Src/stm32f4xx_hal_dac.o
 .debug_info    0x0000319c      0x770 Drivers/STM32F4xx_HAL_Driver/Src/stm32f4xx_hal_gpio.o
 .debug_info    0x0000390c      0xa39 Drivers/STM32F4xx_HAL_Driver/Src/stm32f4xx_hal_rcc.o
 .debug_info    0x00004345     0x3188 Drivers/STM32F4xx_HAL_Driver/Src/stm32f4xx_hal_tim.o
 .debug_info    0x000074cd     0x1497 Drivers/STM32F4xx_HAL_Driver/Src/stm32f4xx_hal_tim_ex.o
 .debug_info    0x00008964      0x139 Src/audio.o
 .debug_info    0x00008a9d     0x113d Src/display.o
 .debug_info    0x00009bda     0x1cac Src/main.o
 .debug_info    0x0000b886     0x11dc Src/stm32f4xx_hal_msp.o
 .debug_info    0x0000ca62      0x6f6 Src/stm32f4xx_it.o
 .debug_info    0x0000d158      0x507 Src/system_stm32f4xx.o
 .debug_info    0x0000d65f      0x3a4 Src/ws2811.o
 .debug_info    0x0000da03       0x22 startup/startup_stm32f407xx.o

.debug_abbrev   0x00000000     0x1ceb
 .debug_abbrev  0x00000000      0x1f1 Drivers/STM32F4xx_HAL_Driver/Src/stm32f4xx_hal.o
 .debug_abbrev  0x000001f1      0x242 Drivers/STM32F4xx_HAL_Driver/Src/stm32f4xx_hal_adc.o
 .debug_abbrev  0x00000433      0x328 Drivers/STM32F4xx_HAL_Driver/Src/stm32f4xx_hal_cortex.o
 .debug_abbrev  0x0000075b      0x203 Drivers/STM32F4xx_HAL_Driver/Src/stm32f4xx_hal_dac.o
 .debug_abbrev  0x0000095e      0x1e7 Drivers/STM32F4xx_HAL_Driver/Src/stm32f4xx_hal_gpio.o
 .debug_abbrev  0x00000b45      0x273 Drivers/STM32F4xx_HAL_Driver/Src/stm32f4xx_hal_rcc.o
 .debug_abbrev  0x00000db8      0x226 Drivers/STM32F4xx_HAL_Driver/Src/stm32f4xx_hal_tim.o
 .debug_abbrev  0x00000fde      0x237 Drivers/STM32F4xx_HAL_Driver/Src/stm32f4xx_hal_tim_ex.o
 .debug_abbrev  0x00001215       0x92 Src/audio.o
 .debug_abbrev  0x000012a7      0x14e Src/display.o
 .debug_abbrev  0x000013f5      0x2df Src/main.o
 .debug_abbrev  0x000016d4      0x1fd Src/stm32f4xx_hal_msp.o
 .debug_abbrev  0x000018d1      0x189 Src/stm32f4xx_it.o
 .debug_abbrev  0x00001a5a      0x111 Src/system_stm32f4xx.o
 .debug_abbrev  0x00001b6b      0x16e Src/ws2811.o
 .debug_abbrev  0x00001cd9       0x12 startup/startup_stm32f407xx.o

.debug_loc      0x00000000     0x71bc
 .debug_loc     0x00000000       0xfd Drivers/STM32F4xx_HAL_Driver/Src/stm32f4xx_hal.o
 .debug_loc     0x000000fd      0x9b4 Drivers/STM32F4xx_HAL_Driver/Src/stm32f4xx_hal_adc.o
 .debug_loc     0x00000ab1      0x5ce Drivers/STM32F4xx_HAL_Driver/Src/stm32f4xx_hal_cortex.o
 .debug_loc     0x0000107f      0x756 Drivers/STM32F4xx_HAL_Driver/Src/stm32f4xx_hal_dac.o
 .debug_loc     0x000017d5      0x497 Drivers/STM32F4xx_HAL_Driver/Src/stm32f4xx_hal_gpio.o
 .debug_loc     0x00001c6c      0x3f1 Drivers/STM32F4xx_HAL_Driver/Src/stm32f4xx_hal_rcc.o
 .debug_loc     0x0000205d     0x3888 Drivers/STM32F4xx_HAL_Driver/Src/stm32f4xx_hal_tim.o
 .debug_loc     0x000058e5     0x11b6 Drivers/STM32F4xx_HAL_Driver/Src/stm32f4xx_hal_tim_ex.o
 .debug_loc     0x00006a9b       0x91 Src/display.o
 .debug_loc     0x00006b2c      0x132 Src/main.o
 .debug_loc     0x00006c5e      0x1c8 Src/stm32f4xx_hal_msp.o
 .debug_loc     0x00006e26      0x13e Src/system_stm32f4xx.o
 .debug_loc     0x00006f64      0x258 Src/ws2811.o

.debug_aranges  0x00000000      0xb38
 .debug_aranges
                0x00000000       0xf0 Drivers/STM32F4xx_HAL_Driver/Src/stm32f4xx_hal.o
 .debug_aranges
                0x000000f0       0xe8 Drivers/STM32F4xx_HAL_Driver/Src/stm32f4xx_hal_adc.o
 .debug_aranges
                0x000001d8       0xa8 Drivers/STM32F4xx_HAL_Driver/Src/stm32f4xx_hal_cortex.o
 .debug_aranges
                0x00000280       0xc0 Drivers/STM32F4xx_HAL_Driver/Src/stm32f4xx_hal_dac.o
 .debug_aranges
                0x00000340       0x58 Drivers/STM32F4xx_HAL_Driver/Src/stm32f4xx_hal_gpio.o
 .debug_aranges
                0x00000398       0x88 Drivers/STM32F4xx_HAL_Driver/Src/stm32f4xx_hal_rcc.o
 .debug_aranges
                0x00000420      0x3a8 Drivers/STM32F4xx_HAL_Driver/Src/stm32f4xx_hal_tim.o
 .debug_aranges
                0x000007c8      0x150 Drivers/STM32F4xx_HAL_Driver/Src/stm32f4xx_hal_tim_ex.o
 .debug_aranges
                0x00000918       0x18 Src/audio.o
 .debug_aranges
                0x00000930       0x20 Src/display.o
 .debug_aranges
                0x00000950       0x78 Src/main.o
 .debug_aranges
                0x000009c8       0x58 Src/stm32f4xx_hal_msp.o
 .debug_aranges
                0x00000a20       0x70 Src/stm32f4xx_it.o
 .debug_aranges
                0x00000a90       0x28 Src/system_stm32f4xx.o
 .debug_aranges
                0x00000ab8       0x58 Src/ws2811.o
 .debug_aranges
                0x00000b10       0x28 startup/startup_stm32f407xx.o

.debug_ranges   0x00000000      0xc30
 .debug_ranges  0x00000000       0xe0 Drivers/STM32F4xx_HAL_Driver/Src/stm32f4xx_hal.o
 .debug_ranges  0x000000e0       0xd8 Drivers/STM32F4xx_HAL_Driver/Src/stm32f4xx_hal_adc.o
 .debug_ranges  0x000001b8       0xf8 Drivers/STM32F4xx_HAL_Driver/Src/stm32f4xx_hal_cortex.o
 .debug_ranges  0x000002b0       0xb0 Drivers/STM32F4xx_HAL_Driver/Src/stm32f4xx_hal_dac.o
 .debug_ranges  0x00000360       0x48 Drivers/STM32F4xx_HAL_Driver/Src/stm32f4xx_hal_gpio.o
 .debug_ranges  0x000003a8       0x90 Drivers/STM32F4xx_HAL_Driver/Src/stm32f4xx_hal_rcc.o
 .debug_ranges  0x00000438      0x398 Drivers/STM32F4xx_HAL_Driver/Src/stm32f4xx_hal_tim.o
 .debug_ranges  0x000007d0      0x140 Drivers/STM32F4xx_HAL_Driver/Src/stm32f4xx_hal_tim_ex.o
 .debug_ranges  0x00000910       0x10 Src/display.o
 .debug_ranges  0x00000920      0x140 Src/main.o
 .debug_ranges  0x00000a60       0x48 Src/stm32f4xx_hal_msp.o
 .debug_ranges  0x00000aa8       0x60 Src/stm32f4xx_it.o
 .debug_ranges  0x00000b08       0x18 Src/system_stm32f4xx.o
 .debug_ranges  0x00000b20       0xf0 Src/ws2811.o
 .debug_ranges  0x00000c10       0x20 startup/startup_stm32f407xx.o

.debug_macro    0x00000000    0x20b76
 .debug_macro   0x00000000      0x256 Drivers/STM32F4xx_HAL_Driver/Src/stm32f4xx_hal.o
 .debug_macro   0x00000256      0xa60 Drivers/STM32F4xx_HAL_Driver/Src/stm32f4xx_hal.o
 .debug_macro   0x00000cb6      0x190 Drivers/STM32F4xx_HAL_Driver/Src/stm32f4xx_hal.o
 .debug_macro   0x00000e46       0x32 Drivers/STM32F4xx_HAL_Driver/Src/stm32f4xx_hal.o
 .debug_macro   0x00000e78       0x2f Drivers/STM32F4xx_HAL_Driver/Src/stm32f4xx_hal.o
 .debug_macro   0x00000ea7       0x22 Drivers/STM32F4xx_HAL_Driver/Src/stm32f4xx_hal.o
 .debug_macro   0x00000ec9       0x8e Drivers/STM32F4xx_HAL_Driver/Src/stm32f4xx_hal.o
 .debug_macro   0x00000f57       0x51 Drivers/STM32F4xx_HAL_Driver/Src/stm32f4xx_hal.o
 .debug_macro   0x00000fa8       0xef Drivers/STM32F4xx_HAL_Driver/Src/stm32f4xx_hal.o
 .debug_macro   0x00001097       0x6a Drivers/STM32F4xx_HAL_Driver/Src/stm32f4xx_hal.o
 .debug_macro   0x00001101      0x1df Drivers/STM32F4xx_HAL_Driver/Src/stm32f4xx_hal.o
 .debug_macro   0x000012e0       0x1c Drivers/STM32F4xx_HAL_Driver/Src/stm32f4xx_hal.o
 .debug_macro   0x000012fc       0x22 Drivers/STM32F4xx_HAL_Driver/Src/stm32f4xx_hal.o
 .debug_macro   0x0000131e       0xdf Drivers/STM32F4xx_HAL_Driver/Src/stm32f4xx_hal.o
 .debug_macro   0x000013fd     0x102d Drivers/STM32F4xx_HAL_Driver/Src/stm32f4xx_hal.o
 .debug_macro   0x0000242a      0x11f Drivers/STM32F4xx_HAL_Driver/Src/stm32f4xx_hal.o
 .debug_macro   0x00002549    0x15e43 Drivers/STM32F4xx_HAL_Driver/Src/stm32f4xx_hal.o
 .debug_macro   0x0001838c       0x43 Drivers/STM32F4xx_HAL_Driver/Src/stm32f4xx_hal.o
 .debug_macro   0x000183cf     0x35d4 Drivers/STM32F4xx_HAL_Driver/Src/stm32f4xx_hal.o
 .debug_macro   0x0001b9a3      0x174 Drivers/STM32F4xx_HAL_Driver/Src/stm32f4xx_hal.o
 .debug_macro   0x0001bb17       0x4e Drivers/STM32F4xx_HAL_Driver/Src/stm32f4xx_hal.o
 .debug_macro   0x0001bb65      0x96b Drivers/STM32F4xx_HAL_Driver/Src/stm32f4xx_hal.o
 .debug_macro   0x0001c4d0      0x9fe Drivers/STM32F4xx_HAL_Driver/Src/stm32f4xx_hal.o
 .debug_macro   0x0001cece       0xed Drivers/STM32F4xx_HAL_Driver/Src/stm32f4xx_hal.o
 .debug_macro   0x0001cfbb      0x117 Drivers/STM32F4xx_HAL_Driver/Src/stm32f4xx_hal.o
 .debug_macro   0x0001d0d2      0x13e Drivers/STM32F4xx_HAL_Driver/Src/stm32f4xx_hal.o
 .debug_macro   0x0001d210       0x27 Drivers/STM32F4xx_HAL_Driver/Src/stm32f4xx_hal.o
 .debug_macro   0x0001d237      0x287 Drivers/STM32F4xx_HAL_Driver/Src/stm32f4xx_hal.o
 .debug_macro   0x0001d4be       0x5f Drivers/STM32F4xx_HAL_Driver/Src/stm32f4xx_hal.o
 .debug_macro   0x0001d51d      0x236 Drivers/STM32F4xx_HAL_Driver/Src/stm32f4xx_hal.o
 .debug_macro   0x0001d753      0x391 Drivers/STM32F4xx_HAL_Driver/Src/stm32f4xx_hal.o
 .debug_macro   0x0001dae4      0x176 Drivers/STM32F4xx_HAL_Driver/Src/stm32f4xx_hal.o
 .debug_macro   0x0001dc5a       0xf9 Drivers/STM32F4xx_HAL_Driver/Src/stm32f4xx_hal.o
 .debug_macro   0x0001dd53       0xea Drivers/STM32F4xx_HAL_Driver/Src/stm32f4xx_hal.o
 .debug_macro   0x0001de3d       0xa0 Drivers/STM32F4xx_HAL_Driver/Src/stm32f4xx_hal.o
 .debug_macro   0x0001dedd       0x3c Drivers/STM32F4xx_HAL_Driver/Src/stm32f4xx_hal.o
 .debug_macro   0x0001df19      0x12c Drivers/STM32F4xx_HAL_Driver/Src/stm32f4xx_hal.o
 .debug_macro   0x0001e045      0x21e Drivers/STM32F4xx_HAL_Driver/Src/stm32f4xx_hal.o
 .debug_macro   0x0001e263       0x2e Drivers/STM32F4xx_HAL_Driver/Src/stm32f4xx_hal.o
 .debug_macro   0x0001e291      0x11a Drivers/STM32F4xx_HAL_Driver/Src/stm32f4xx_hal.o
 .debug_macro   0x0001e3ab       0x7e Drivers/STM32F4xx_HAL_Driver/Src/stm32f4xx_hal.o
 .debug_macro   0x0001e429       0x89 Drivers/STM32F4xx_HAL_Driver/Src/stm32f4xx_hal.o
 .debug_macro   0x0001e4b2      0x87d Drivers/STM32F4xx_HAL_Driver/Src/stm32f4xx_hal.o
 .debug_macro   0x0001ed2f       0x47 Drivers/STM32F4xx_HAL_Driver/Src/stm32f4xx_hal.o
 .debug_macro   0x0001ed76      0x12d Drivers/STM32F4xx_HAL_Driver/Src/stm32f4xx_hal.o
 .debug_macro   0x0001eea3      0x1f7 Drivers/STM32F4xx_HAL_Driver/Src/stm32f4xx_hal_adc.o
 .debug_macro   0x0001f09a      0x1f6 Drivers/STM32F4xx_HAL_Driver/Src/stm32f4xx_hal_cortex.o
 .debug_macro   0x0001f290      0x1f7 Drivers/STM32F4xx_HAL_Driver/Src/stm32f4xx_hal_dac.o
 .debug_macro   0x0001f487      0x22c Drivers/STM32F4xx_HAL_Driver/Src/stm32f4xx_hal_gpio.o
 .debug_macro   0x0001f6b3      0x21a Drivers/STM32F4xx_HAL_Driver/Src/stm32f4xx_hal_rcc.o
 .debug_macro   0x0001f8cd      0x1f7 Drivers/STM32F4xx_HAL_Driver/Src/stm32f4xx_hal_tim.o
 .debug_macro   0x0001fac4      0x1f6 Drivers/STM32F4xx_HAL_Driver/Src/stm32f4xx_hal_tim_ex.o
 .debug_macro   0x0001fcba      0x1f6 Src/audio.o
 .debug_macro   0x0001feb0      0x1ff Src/display.o
 .debug_macro   0x000200af       0x8e Src/display.o
 .debug_macro   0x0002013d      0x212 Src/main.o
 .debug_macro   0x0002034f       0x22 Src/main.o
 .debug_macro   0x00020371      0x200 Src/stm32f4xx_hal_msp.o
 .debug_macro   0x00020571      0x20a Src/stm32f4xx_it.o
 .debug_macro   0x0002077b      0x1fc Src/system_stm32f4xx.o
 .debug_macro   0x00020977      0x1ff Src/ws2811.o

.debug_line     0x00000000     0x9f50
 .debug_line    0x00000000      0x985 Drivers/STM32F4xx_HAL_Driver/Src/stm32f4xx_hal.o
 .debug_line    0x00000985      0xc64 Drivers/STM32F4xx_HAL_Driver/Src/stm32f4xx_hal_adc.o
 .debug_line    0x000015e9      0x9db Drivers/STM32F4xx_HAL_Driver/Src/stm32f4xx_hal_cortex.o
 .debug_line    0x00001fc4      0xa18 Drivers/STM32F4xx_HAL_Driver/Src/stm32f4xx_hal_dac.o
 .debug_line    0x000029dc      0x911 Drivers/STM32F4xx_HAL_Driver/Src/stm32f4xx_hal_gpio.o
 .debug_line    0x000032ed      0x9fd Drivers/STM32F4xx_HAL_Driver/Src/stm32f4xx_hal_rcc.o
 .debug_line    0x00003cea     0x196e Drivers/STM32F4xx_HAL_Driver/Src/stm32f4xx_hal_tim.o
 .debug_line    0x00005658      0xdb6 Drivers/STM32F4xx_HAL_Driver/Src/stm32f4xx_hal_tim_ex.o
 .debug_line    0x0000640e      0x75d Src/audio.o
 .debug_line    0x00006b6b      0x852 Src/display.o
 .debug_line    0x000073bd      0xa2b Src/main.o
 .debug_line    0x00007de8      0x851 Src/stm32f4xx_hal_msp.o
 .debug_line    0x00008639      0x83a Src/stm32f4xx_it.o
 .debug_line    0x00008e73      0x7ad Src/system_stm32f4xx.o
 .debug_line    0x00009620      0x8b1 Src/ws2811.o
 .debug_line    0x00009ed1       0x7f startup/startup_stm32f407xx.o

.debug_str      0x00000000    0xc8faf
 .debug_str     0x00000000    0xc5bb5 Drivers/STM32F4xx_HAL_Driver/Src/stm32f4xx_hal.o
                              0xc5f2b (size before relaxing)
 .debug_str     0x000c5bb5      0x6b9 Drivers/STM32F4xx_HAL_Driver/Src/stm32f4xx_hal_adc.o
                              0xc598a (size before relaxing)
 .debug_str     0x000c626e      0x3a6 Drivers/STM32F4xx_HAL_Driver/Src/stm32f4xx_hal_cortex.o
                              0xc5c61 (size before relaxing)
 .debug_str     0x000c6614      0x347 Drivers/STM32F4xx_HAL_Driver/Src/stm32f4xx_hal_dac.o
                              0xc5809 (size before relaxing)
 .debug_str     0x000c695b      0x280 Drivers/STM32F4xx_HAL_Driver/Src/stm32f4xx_hal_gpio.o
                              0xc55e4 (size before relaxing)
 .debug_str     0x000c6bdb      0x384 Drivers/STM32F4xx_HAL_Driver/Src/stm32f4xx_hal_rcc.o
                              0xc57ae (size before relaxing)
 .debug_str     0x000c6f5f      0xf29 Drivers/STM32F4xx_HAL_Driver/Src/stm32f4xx_hal_tim.o
                              0xc6504 (size before relaxing)
 .debug_str     0x000c7e88      0x4d4 Drivers/STM32F4xx_HAL_Driver/Src/stm32f4xx_hal_tim_ex.o
                              0xc5d1c (size before relaxing)
 .debug_str     0x000c835c       0x18 Src/audio.o
                              0xc51fd (size before relaxing)
 .debug_str     0x000c8374      0x8f9 Src/display.o
                              0xc5b5c (size before relaxing)
 .debug_str     0x000c8c6d      0x191 Src/main.o
                              0xc691a (size before relaxing)
 .debug_str     0x000c8dfe       0x25 Src/stm32f4xx_hal_msp.o
                              0xc6026 (size before relaxing)
 .debug_str     0x000c8e23       0xd8 Src/stm32f4xx_it.o
                              0xc5711 (size before relaxing)
 .debug_str     0x000c8efb       0x5a Src/system_stm32f4xx.o
                              0xc53a0 (size before relaxing)
 .debug_str     0x000c8f55       0x2b Src/ws2811.o
                              0xc528a (size before relaxing)
 .debug_str     0x000c8f80       0x2f startup/startup_stm32f407xx.o
                                 0x71 (size before relaxing)

.comment        0x00000000       0x7f
 .comment       0x00000000       0x7f Drivers/STM32F4xx_HAL_Driver/Src/stm32f4xx_hal.o
                                 0x80 (size before relaxing)
 .comment       0x0000007f       0x80 Drivers/STM32F4xx_HAL_Driver/Src/stm32f4xx_hal_adc.o
 .comment       0x0000007f       0x80 Drivers/STM32F4xx_HAL_Driver/Src/stm32f4xx_hal_cortex.o
 .comment       0x0000007f       0x80 Drivers/STM32F4xx_HAL_Driver/Src/stm32f4xx_hal_dac.o
 .comment       0x0000007f       0x80 Drivers/STM32F4xx_HAL_Driver/Src/stm32f4xx_hal_gpio.o
 .comment       0x0000007f       0x80 Drivers/STM32F4xx_HAL_Driver/Src/stm32f4xx_hal_rcc.o
 .comment       0x0000007f       0x80 Drivers/STM32F4xx_HAL_Driver/Src/stm32f4xx_hal_tim.o
 .comment       0x0000007f       0x80 Drivers/STM32F4xx_HAL_Driver/Src/stm32f4xx_hal_tim_ex.o
 .comment       0x0000007f       0x80 Src/audio.o
 .comment       0x0000007f       0x80 Src/display.o
 .comment       0x0000007f       0x80 Src/main.o
 .comment       0x0000007f       0x80 Src/stm32f4xx_hal_msp.o
 .comment       0x0000007f       0x80 Src/stm32f4xx_it.o
 .comment       0x0000007f       0x80 Src/system_stm32f4xx.o
 .comment       0x0000007f       0x80 Src/ws2811.o

.debug_frame    0x00000000     0x1ea4
 .debug_frame   0x00000000      0x1ec Drivers/STM32F4xx_HAL_Driver/Src/stm32f4xx_hal.o
 .debug_frame   0x000001ec      0x27c Drivers/STM32F4xx_HAL_Driver/Src/stm32f4xx_hal_adc.o
 .debug_frame   0x00000468      0x15c Drivers/STM32F4xx_HAL_Driver/Src/stm32f4xx_hal_cortex.o
 .debug_frame   0x000005c4      0x1f0 Drivers/STM32F4xx_HAL_Driver/Src/stm32f4xx_hal_dac.o
 .debug_frame   0x000007b4       0xd8 Drivers/STM32F4xx_HAL_Driver/Src/stm32f4xx_hal_gpio.o
 .debug_frame   0x0000088c      0x184 Drivers/STM32F4xx_HAL_Driver/Src/stm32f4xx_hal_rcc.o
 .debug_frame   0x00000a10      0xa7c Drivers/STM32F4xx_HAL_Driver/Src/stm32f4xx_hal_tim.o
 .debug_frame   0x0000148c      0x3b8 Drivers/STM32F4xx_HAL_Driver/Src/stm32f4xx_hal_tim_ex.o
 .debug_frame   0x00001844       0x2c Src/display.o
 .debug_frame   0x00001870      0x168 Src/main.o
 .debug_frame   0x000019d8       0xf0 Src/stm32f4xx_hal_msp.o
 .debug_frame   0x00001ac8       0xd8 Src/stm32f4xx_it.o
 .debug_frame   0x00001ba0       0x30 Src/system_stm32f4xx.o
 .debug_frame   0x00001bd0      0x108 Src/ws2811.o
 .debug_frame   0x00001cd8       0xac e:/programy/ac6/systemworkbench/plugins/fr.ac6.mcu.externaltools.arm-none.win32_1.17.0.201812190825/tools/compiler/bin/../lib/gcc/arm-none-eabi/7.3.1/thumb/v7e-m/fpv4-sp/hard\libgcc.a(_arm_addsubdf3.o)
 .debug_frame   0x00001d84       0x50 e:/programy/ac6/systemworkbench/plugins/fr.ac6.mcu.externaltools.arm-none.win32_1.17.0.201812190825/tools/compiler/bin/../lib/gcc/arm-none-eabi/7.3.1/thumb/v7e-m/fpv4-sp/hard\libgcc.a(_arm_muldivdf3.o)
 .debug_frame   0x00001dd4       0x24 e:/programy/ac6/systemworkbench/plugins/fr.ac6.mcu.externaltools.arm-none.win32_1.17.0.201812190825/tools/compiler/bin/../lib/gcc/arm-none-eabi/7.3.1/thumb/v7e-m/fpv4-sp/hard\libgcc.a(_arm_fixunsdfsi.o)
 .debug_frame   0x00001df8       0x2c e:/programy/ac6/systemworkbench/plugins/fr.ac6.mcu.externaltools.arm-none.win32_1.17.0.201812190825/tools/compiler/bin/../lib/gcc/arm-none-eabi/7.3.1/thumb/v7e-m/fpv4-sp/hard\libgcc.a(_aeabi_uldivmod.o)
 .debug_frame   0x00001e24       0x34 e:/programy/ac6/systemworkbench/plugins/fr.ac6.mcu.externaltools.arm-none.win32_1.17.0.201812190825/tools/compiler/bin/../lib/gcc/arm-none-eabi/7.3.1/thumb/v7e-m/fpv4-sp/hard\libgcc.a(_udivmoddi4.o)
 .debug_frame   0x00001e58       0x2c e:/programy/ac6/systemworkbench/plugins/fr.ac6.mcu.externaltools.arm-none.win32_1.17.0.201812190825/tools/compiler/bin/../lib/gcc/arm-none-eabi/7.3.1/../../../../arm-none-eabi/lib/thumb/v7e-m/fpv4-sp/hard\libc_nano.a(lib_a-init.o)
 .debug_frame   0x00001e84       0x20 e:/programy/ac6/systemworkbench/plugins/fr.ac6.mcu.externaltools.arm-none.win32_1.17.0.201812190825/tools/compiler/bin/../lib/gcc/arm-none-eabi/7.3.1/../../../../arm-none-eabi/lib/thumb/v7e-m/fpv4-sp/hard\libc_nano.a(lib_a-memset.o)
